[2026-02-21 08:55:20]  Using log directory:      /var/log/inetsim/
[2026-02-21 08:55:20]  Using data directory:     /var/lib/inetsim/
[2026-02-21 08:55:20]  Using report directory:   /var/log/inetsim/report/
[2026-02-21 08:55:20]  Using configuration file: /etc/inetsim/inetsim.conf
[2026-02-21 08:55:20]  Parsing configuration file.
[2026-02-21 08:55:20]  Configuration file parsed successfully.
[2026-02-21 08:55:20]  === INetSim main process started (PID 1) ===
[2026-02-21 08:55:20]  Session ID:     1
[2026-02-21 08:55:20]  Listening on:   0.0.0.0
[2026-02-21 08:55:20]  Real Date/Time: 2026-02-21 08:55:20
[2026-02-21 08:55:20]  Fake Date/Time: 2026-02-21 08:55:20 (Delta: 0 seconds)
[2026-02-21 08:55:20]   Forking services...
[2026-02-21 08:55:20]    * dns_53_tcp_udp started (PID 15)
[2026-02-21 08:55:20]    * http_80_tcp started (PID 14)
[2026-02-21 08:55:23]   done.
[2026-02-21 08:55:23]  Simulation running.
[2026-02-21 08:57:26]    * http_80_tcp stopped (PID 14)
[2026-02-21 08:57:26]    * dns_53_tcp_udp stopped (PID 15)
[2026-02-21 08:57:26]  Simulation stopped.
[2026-02-21 08:57:26]   Unable to open report file '/var/log/inetsim/report/report.1.txt' for writing: No such file or directory
[2026-02-21 08:57:26]  === INetSim main process stopped (PID 1) ===
[2026-02-21 08:57:26]  .
[2026-02-21 08:57:44]  Using log directory:      /var/log/inetsim/
[2026-02-21 08:57:44]  Using data directory:     /var/lib/inetsim/
[2026-02-21 08:57:44]  Using report directory:   /var/log/inetsim/report/
[2026-02-21 08:57:44]  Using configuration file: /etc/inetsim/inetsim.conf
[2026-02-21 08:57:44]  Parsing configuration file.
[2026-02-21 08:57:44]  Configuration file parsed successfully.
[2026-02-21 08:57:44]  === INetSim main process started (PID 1) ===
[2026-02-21 08:57:44]  Session ID:     1
[2026-02-21 08:57:44]  Listening on:   0.0.0.0
[2026-02-21 08:57:44]  Real Date/Time: 2026-02-21 08:57:44
[2026-02-21 08:57:44]  Fake Date/Time: 2026-02-21 08:57:44 (Delta: 0 seconds)
[2026-02-21 08:57:44]   Forking services...
[2026-02-21 08:57:44]    * dns_53_tcp_udp started (PID 15)
[2026-02-21 08:57:44]    * http_80_tcp started (PID 14)
[2026-02-21 08:57:47]   done.
[2026-02-21 08:57:47]  Simulation running.
[2026-02-21 08:58:59]    * http_80_tcp stopped (PID 14)
[2026-02-21 08:58:59]    * dns_53_tcp_udp stopped (PID 15)
[2026-02-21 08:58:59]  Simulation stopped.
[2026-02-21 08:58:59]   Unable to open report file '/var/log/inetsim/report/report.1.txt' for writing: No such file or directory
[2026-02-21 08:58:59]  === INetSim main process stopped (PID 1) ===
[2026-02-21 08:58:59]  .
[2026-02-21 08:59:22]  Using log directory:      /var/log/inetsim/
[2026-02-21 08:59:22]  Using data directory:     /var/lib/inetsim/
[2026-02-21 08:59:22]  Using report directory:   /var/log/inetsim/report/
[2026-02-21 08:59:22]  Using configuration file: /etc/inetsim/inetsim.conf
[2026-02-21 08:59:22]  Parsing configuration file.
[2026-02-21 08:59:22]  Configuration file parsed successfully.
[2026-02-21 08:59:22]  === INetSim main process started (PID 1) ===
[2026-02-21 08:59:22]  Session ID:     1
[2026-02-21 08:59:22]  Listening on:   0.0.0.0
[2026-02-21 08:59:22]  Real Date/Time: 2026-02-21 08:59:22
[2026-02-21 08:59:22]  Fake Date/Time: 2026-02-21 08:59:22 (Delta: 0 seconds)
[2026-02-21 08:59:22]   Forking services...
[2026-02-21 08:59:22]    * dns_53_tcp_udp started (PID 15)
[2026-02-21 08:59:22]    * http_80_tcp started (PID 14)
[2026-02-21 08:59:25]   done.
[2026-02-21 08:59:25]  Simulation running.
[2026-02-21 09:00:58]    * http_80_tcp stopped (PID 14)
[2026-02-21 09:00:58]    * dns_53_tcp_udp stopped (PID 15)
[2026-02-21 09:00:58]  Simulation stopped.
[2026-02-21 09:00:58]   Unable to open report file '/var/log/inetsim/report/report.1.txt' for writing: No such file or directory
[2026-02-21 09:00:58]  === INetSim main process stopped (PID 1) ===
[2026-02-21 09:00:58]  .
[2026-02-21 09:01:03]  Using log directory:      /var/log/inetsim/
[2026-02-21 09:01:03]  Using data directory:     /var/lib/inetsim/
[2026-02-21 09:01:03]  Using report directory:   /var/log/inetsim/report/
[2026-02-21 09:01:03]  Using configuration file: /etc/inetsim/inetsim.conf
[2026-02-21 09:01:03]  Parsing configuration file.
[2026-02-21 09:01:03]  Configuration file parsed successfully.
[2026-02-21 09:01:03]  === INetSim main process started (PID 1) ===
[2026-02-21 09:01:03]  Session ID:     1
[2026-02-21 09:01:03]  Listening on:   0.0.0.0
[2026-02-21 09:01:04]  Real Date/Time: 2026-02-21 09:01:04
[2026-02-21 09:01:04]  Fake Date/Time: 2026-02-21 09:01:04 (Delta: 0 seconds)
[2026-02-21 09:01:04]   Forking services...
[2026-02-21 09:01:04]    * dns_53_tcp_udp started (PID 15)
[2026-02-21 09:01:04]    * http_80_tcp started (PID 14)
[2026-02-21 09:01:09]   done.
[2026-02-21 09:01:09]  Simulation running.
[2026-02-21 09:32:26]    * http_80_tcp stopped (PID 14)
[2026-02-21 09:32:26]    * dns_53_tcp_udp stopped (PID 15)
[2026-02-21 09:32:26]  Simulation stopped.
[2026-02-21 09:32:26]   Unable to open report file '/var/log/inetsim/report/report.1.txt' for writing: No such file or directory
[2026-02-21 09:32:26]  === INetSim main process stopped (PID 1) ===
[2026-02-21 09:32:26]  .
[2026-02-21 09:32:34]  Using log directory:      /var/log/inetsim/
[2026-02-21 09:32:34]  Using data directory:     /var/lib/inetsim/
[2026-02-21 09:32:34]  Using report directory:   /var/log/inetsim/report/
[2026-02-21 09:32:34]  Using configuration file: /etc/inetsim/inetsim.conf
[2026-02-21 09:32:34]  Parsing configuration file.
[2026-02-21 09:32:34]  Configuration file parsed successfully.
[2026-02-21 09:32:34]  === INetSim main process started (PID 1) ===
[2026-02-21 09:32:34]  Session ID:     1
[2026-02-21 09:32:34]  Listening on:   0.0.0.0
[2026-02-21 09:32:34]  Real Date/Time: 2026-02-21 09:32:34
[2026-02-21 09:32:34]  Fake Date/Time: 2026-02-21 09:32:34 (Delta: 0 seconds)
[2026-02-21 09:32:34]   Forking services...
[2026-02-21 09:32:34]    * dns_53_tcp_udp started (PID 15)
[2026-02-21 09:32:34]    * http_80_tcp started (PID 14)
[2026-02-21 09:32:37]   done.
[2026-02-21 09:32:37]  Simulation running.
[2026-02-21 09:37:27]    * http_80_tcp stopped (PID 14)
[2026-02-21 09:37:27]    * dns_53_tcp_udp stopped (PID 15)
[2026-02-21 09:37:27]  Simulation stopped.
[2026-02-21 09:37:27]   Unable to open report file '/var/log/inetsim/report/report.1.txt' for writing: No such file or directory
[2026-02-21 09:37:27]  === INetSim main process stopped (PID 1) ===
[2026-02-21 09:37:27]  .
[2026-02-21 09:37:31]  Using log directory:      /var/log/inetsim/
[2026-02-21 09:37:31]  Using data directory:     /var/lib/inetsim/
[2026-02-21 09:37:31]  Using report directory:   /var/log/inetsim/report/
[2026-02-21 09:37:31]  Using configuration file: /etc/inetsim/inetsim.conf
[2026-02-21 09:37:32]  Parsing configuration file.
[2026-02-21 09:37:32]  Configuration file parsed successfully.
[2026-02-21 09:37:32]  === INetSim main process started (PID 1) ===
[2026-02-21 09:37:32]  Session ID:     1
[2026-02-21 09:37:32]  Listening on:   0.0.0.0
[2026-02-21 09:37:32]  Real Date/Time: 2026-02-21 09:37:32
[2026-02-21 09:37:32]  Fake Date/Time: 2026-02-21 09:37:32 (Delta: 0 seconds)
[2026-02-21 09:37:32]   Forking services...
[2026-02-21 09:37:32]    * dns_53_tcp_udp started (PID 15)
[2026-02-21 09:37:32]    * http_80_tcp started (PID 14)
[2026-02-21 09:37:35]   done.
[2026-02-21 09:37:35]  Simulation running.
[2026-02-21 09:44:55]    * http_80_tcp stopped (PID 14)
[2026-02-21 09:44:55]    * dns_53_tcp_udp stopped (PID 15)
[2026-02-21 09:44:55]  Simulation stopped.
[2026-02-21 09:44:55]   Unable to open report file '/var/log/inetsim/report/report.1.txt' for writing: No such file or directory
[2026-02-21 09:44:55]  === INetSim main process stopped (PID 1) ===
[2026-02-21 09:44:55]  .
[2026-02-21 09:44:58]  Using log directory:      /var/log/inetsim/
[2026-02-21 09:44:58]  Using data directory:     /var/lib/inetsim/
[2026-02-21 09:44:58]  Using report directory:   /var/log/inetsim/report/
[2026-02-21 09:44:58]  Using configuration file: /etc/inetsim/inetsim.conf
[2026-02-21 09:44:58]  Parsing configuration file.
[2026-02-21 09:44:58]  Configuration file parsed successfully.
[2026-02-21 09:44:58]  === INetSim main process started (PID 1) ===
[2026-02-21 09:44:58]  Session ID:     1
[2026-02-21 09:44:58]  Listening on:   0.0.0.0
[2026-02-21 09:44:58]  Real Date/Time: 2026-02-21 09:44:58
[2026-02-21 09:44:58]  Fake Date/Time: 2026-02-21 09:44:58 (Delta: 0 seconds)
[2026-02-21 09:44:58]   Forking services...
[2026-02-21 09:44:58]    * http_80_tcp started (PID 15)
[2026-02-21 09:44:58]    * dns_53_tcp_udp started (PID 16)
[2026-02-21 09:45:01]   done.
[2026-02-21 09:45:01]  Simulation running.
[2026-02-21 09:45:38]    * http_80_tcp stopped (PID 15)
[2026-02-21 09:45:38]    * dns_53_tcp_udp stopped (PID 16)
[2026-02-21 09:45:38]  Simulation stopped.
[2026-02-21 09:45:38]   Unable to open report file '/var/log/inetsim/report/report.1.txt' for writing: No such file or directory
[2026-02-21 09:45:38]  === INetSim main process stopped (PID 1) ===
[2026-02-21 09:45:38]  .
[2026-02-21 09:45:44]  Using log directory:      /var/log/inetsim/
[2026-02-21 09:45:44]  Using data directory:     /var/lib/inetsim/
[2026-02-21 09:45:44]  Using report directory:   /var/log/inetsim/report/
[2026-02-21 09:45:44]  Using configuration file: /etc/inetsim/inetsim.conf
[2026-02-21 09:45:44]  Parsing configuration file.
[2026-02-21 09:45:44]  Configuration file parsed successfully.
[2026-02-21 09:45:44]  === INetSim main process started (PID 1) ===
[2026-02-21 09:45:44]  Session ID:     1
[2026-02-21 09:45:44]  Listening on:   0.0.0.0
[2026-02-21 09:45:44]  Real Date/Time: 2026-02-21 09:45:44
[2026-02-21 09:45:44]  Fake Date/Time: 2026-02-21 09:45:44 (Delta: 0 seconds)
[2026-02-21 09:45:44]   Forking services...
[2026-02-21 09:45:44]    * http_80_tcp started (PID 15)
[2026-02-21 09:45:44]    * dns_53_tcp_udp started (PID 16)
[2026-02-21 09:45:47]   done.
[2026-02-21 09:45:47]  Simulation running.
[2026-02-26 14:07:58]  Using log directory:      /var/log/inetsim/
[2026-02-26 14:07:58]  Using data directory:     /var/lib/inetsim/
[2026-02-26 14:07:58]  Using report directory:   /var/log/inetsim/report/
[2026-02-26 14:07:58]  Using configuration file: /etc/inetsim/inetsim.conf
[2026-02-26 14:07:58]  Parsing configuration file.
[2026-02-26 14:07:58]  Configuration file parsed successfully.
[2026-02-26 14:07:58]  === INetSim main process started (PID 1) ===
[2026-02-26 14:07:58]  Session ID:     1
[2026-02-26 14:07:58]  Listening on:   0.0.0.0
[2026-02-26 14:07:58]  Real Date/Time: 2026-02-26 14:07:58
[2026-02-26 14:07:58]  Fake Date/Time: 2026-02-26 14:07:58 (Delta: 0 seconds)
[2026-02-26 14:07:58]   Forking services...
[2026-02-26 14:07:58]    * dns_53_tcp_udp started (PID 16)
[2026-02-26 14:07:58]    * http_80_tcp started (PID 15)
[2026-02-26 14:08:01]   done.
[2026-02-26 14:08:01]  Simulation running.
[2026-02-26 14:19:13]    * http_80_tcp stopped (PID 15)
[2026-02-26 14:19:13]    * dns_53_tcp_udp stopped (PID 16)
[2026-02-26 14:19:13]  Simulation stopped.
[2026-02-26 14:19:13]   Unable to open report file '/var/log/inetsim/report/report.1.txt' for writing: No such file or directory
[2026-02-26 14:19:13]  === INetSim main process stopped (PID 1) ===
[2026-02-26 14:19:13]  .
[2026-02-28 01:06:41]  Using log directory:      /var/log/inetsim/
[2026-02-28 01:06:41]  Using data directory:     /var/lib/inetsim/
[2026-02-28 01:06:41]  Using report directory:   /var/log/inetsim/report/
[2026-02-28 01:06:41]  Using configuration file: /etc/inetsim/inetsim.conf
[2026-02-28 01:06:41]  Parsing configuration file.
[2026-02-28 01:06:41]  Configuration file parsed successfully.
[2026-02-28 01:06:41]  === INetSim main process started (PID 1) ===
[2026-02-28 01:06:41]  Session ID:     1
[2026-02-28 01:06:41]  Listening on:   0.0.0.0
[2026-02-28 01:06:41]  Real Date/Time: 2026-02-28 01:06:41
[2026-02-28 01:06:41]  Fake Date/Time: 2026-02-28 01:06:41 (Delta: 0 seconds)
[2026-02-28 01:06:42]   Forking services...
[2026-02-28 01:06:42]    * dns_53_tcp_udp started (PID 15)
[2026-02-28 01:06:42]    * http_80_tcp started (PID 14)
[2026-02-28 01:06:45]   done.
[2026-02-28 01:06:45]  Simulation running.
[2026-02-28 01:07:44]    * http_80_tcp stopped (PID 14)
[2026-02-28 01:07:44]    * dns_53_tcp_udp stopped (PID 15)
[2026-02-28 01:07:44]  Simulation stopped.
[2026-02-28 01:07:44]   Unable to open report file '/var/log/inetsim/report/report.1.txt' for writing: No such file or directory
[2026-02-28 01:07:44]  === INetSim main process stopped (PID 1) ===
[2026-02-28 01:07:44]  .
[2026-02-28 14:21:58]  Using log directory:      /var/log/inetsim/
[2026-02-28 14:21:58]  Using data directory:     /var/lib/inetsim/
[2026-02-28 14:21:58]  Using report directory:   /var/log/inetsim/report/
[2026-02-28 14:21:58]  Using configuration file: /etc/inetsim/inetsim.conf
[2026-02-28 14:21:58]  Parsing configuration file.
[2026-02-28 14:21:58]  Configuration file parsed successfully.
[2026-02-28 14:21:58]  === INetSim main process started (PID 1) ===
[2026-02-28 14:21:58]  Session ID:     1
[2026-02-28 14:21:58]  Listening on:   0.0.0.0
[2026-02-28 14:21:58]  Real Date/Time: 2026-02-28 14:21:58
[2026-02-28 14:21:58]  Fake Date/Time: 2026-02-28 14:21:58 (Delta: 0 seconds)
[2026-02-28 14:21:58]   Forking services...
[2026-02-28 14:21:58]    * dns_53_tcp_udp started (PID 15)
[2026-02-28 14:21:58]    * http_80_tcp started (PID 14)
[2026-02-28 14:22:01]   done.
[2026-02-28 14:22:01]  Simulation running.
[2026-02-28 14:23:17]    * http_80_tcp stopped (PID 14)
[2026-02-28 14:23:17]    * dns_53_tcp_udp stopped (PID 15)
[2026-02-28 14:23:17]  Simulation stopped.
[2026-02-28 14:23:17]   Unable to open report file '/var/log/inetsim/report/report.1.txt' for writing: No such file or directory
[2026-02-28 14:23:17]  === INetSim main process stopped (PID 1) ===
[2026-02-28 14:23:17]  .
[2026-03-06 05:56:27]  Using log directory:      /var/log/inetsim/
[2026-03-06 05:56:27]  Using data directory:     /var/lib/inetsim/
[2026-03-06 05:56:27]  Using report directory:   /var/log/inetsim/report/
[2026-03-06 05:56:27]  Using configuration file: /etc/inetsim/inetsim.conf
[2026-03-06 05:56:27]  Parsing configuration file.
[2026-03-06 05:56:27]  Configuration file parsed successfully.
[2026-03-06 05:56:27]  === INetSim main process started (PID 1) ===
[2026-03-06 05:56:27]  Session ID:     1
[2026-03-06 05:56:27]  Listening on:   0.0.0.0
[2026-03-06 05:56:27]  Real Date/Time: 2026-03-06 05:56:27
[2026-03-06 05:56:27]  Fake Date/Time: 2026-03-06 05:56:27 (Delta: 0 seconds)
[2026-03-06 05:56:27]   Forking services...
[2026-03-06 05:56:27]    * dns_53_tcp_udp started (PID 16)
[2026-03-06 05:56:28]    * http_80_tcp started (PID 15)
[2026-03-06 05:56:30]   done.
[2026-03-06 05:56:30]  Simulation running.
[2026-03-06 05:56:50]    * http_80_tcp stopped (PID 15)
[2026-03-06 05:56:50]    * dns_53_tcp_udp stopped (PID 16)
[2026-03-06 05:56:50]  Simulation stopped.
[2026-03-06 05:56:50]   Unable to open report file '/var/log/inetsim/report/report.1.txt' for writing: No such file or directory
[2026-03-06 05:56:50]  === INetSim main process stopped (PID 1) ===
[2026-03-06 05:56:50]  .
[2026-05-18 01:58:20]  Using log directory:      /var/log/inetsim/
[2026-05-18 01:58:20]  Using data directory:     /var/lib/inetsim/
[2026-05-18 01:58:20]  Using report directory:   /var/log/inetsim/report/
[2026-05-18 01:58:20]  Using configuration file: /etc/inetsim/inetsim.conf
[2026-05-18 01:58:20]  Parsing configuration file.
[2026-05-18 01:58:20]  Configuration file parsed successfully.
[2026-05-18 01:58:20]  === INetSim main process started (PID 1) ===
[2026-05-18 01:58:20]  Session ID:     1
[2026-05-18 01:58:20]  Listening on:   0.0.0.0
[2026-05-18 01:58:20]  Real Date/Time: 2026-05-18 01:58:20
[2026-05-18 01:58:20]  Fake Date/Time: 2026-05-18 01:58:20 (Delta: 0 seconds)
[2026-05-18 01:58:21]   Forking services...
[2026-05-18 01:58:21]    * dns_53_tcp_udp started (PID 15)
[2026-05-18 01:58:21]    * http_80_tcp started (PID 14)
[2026-05-18 01:58:24]   done.
[2026-05-18 01:58:24]  Simulation running.
[2026-05-18 01:59:34]    * http_80_tcp stopped (PID 14)
[2026-05-18 01:59:34]    * dns_53_tcp_udp stopped (PID 15)
[2026-05-18 01:59:34]  Simulation stopped.
[2026-05-18 01:59:34]   Unable to open report file '/var/log/inetsim/report/report.1.txt' for writing: No such file or directory
[2026-05-18 01:59:34]  === INetSim main process stopped (PID 1) ===
[2026-05-18 01:59:34]  .
[2026-05-18 01:59:55]  Using log directory:      /var/log/inetsim/
[2026-05-18 01:59:55]  Using data directory:     /var/lib/inetsim/
[2026-05-18 01:59:55]  Using report directory:   /var/log/inetsim/report/
[2026-05-18 01:59:55]  Using configuration file: /etc/inetsim/inetsim.conf
[2026-05-18 01:59:55]  Parsing configuration file.
[2026-05-18 01:59:55]  Configuration file parsed successfully.
[2026-05-18 01:59:55]  === INetSim main process started (PID 1) ===
[2026-05-18 01:59:55]  Session ID:     1
[2026-05-18 01:59:55]  Listening on:   0.0.0.0
[2026-05-18 01:59:55]  Real Date/Time: 2026-05-18 01:59:55
[2026-05-18 01:59:55]  Fake Date/Time: 2026-05-18 01:59:55 (Delta: 0 seconds)
[2026-05-18 01:59:55]   Forking services...
[2026-05-18 01:59:55]    * dns_53_tcp_udp started (PID 15)
[2026-05-18 01:59:55]    * http_80_tcp started (PID 14)
[2026-05-18 01:59:42]   done.
[2026-05-18 01:59:42]  Simulation running.
[2026-05-18 02:05:19]    * http_80_tcp stopped (PID 14)
[2026-05-18 02:05:19]    * dns_53_tcp_udp stopped (PID 15)
[2026-05-18 02:05:19]  Simulation stopped.
[2026-05-18 02:05:19]   Unable to open report file '/var/log/inetsim/report/report.1.txt' for writing: No such file or directory
[2026-05-18 02:05:19]  === INetSim main process stopped (PID 1) ===
[2026-05-18 02:05:19]  .
[2026-05-18 02:05:27]  Using log directory:      /var/log/inetsim/
[2026-05-18 02:05:27]  Using data directory:     /var/lib/inetsim/
[2026-05-18 02:05:27]  Using report directory:   /var/log/inetsim/report/
[2026-05-18 02:05:27]  Using configuration file: /etc/inetsim/inetsim.conf
[2026-05-18 02:05:27]  Parsing configuration file.
[2026-05-18 02:05:27]  Configuration file parsed successfully.
[2026-05-18 02:05:27]  === INetSim main process started (PID 1) ===
[2026-05-18 02:05:27]  Session ID:     1
[2026-05-18 02:05:27]  Listening on:   0.0.0.0
[2026-05-18 02:05:27]  Real Date/Time: 2026-05-18 02:05:27
[2026-05-18 02:05:27]  Fake Date/Time: 2026-05-18 02:05:27 (Delta: 0 seconds)
[2026-05-18 02:05:27]   Forking services...
[2026-05-18 02:05:27]    * dns_53_tcp_udp started (PID 15)
[2026-05-18 02:05:27]    * http_80_tcp started (PID 14)
[2026-05-18 02:05:30]   done.
[2026-05-18 02:05:30]  Simulation running.
[2026-05-18 02:06:07]    * http_80_tcp stopped (PID 14)
[2026-05-18 02:06:07]    * dns_53_tcp_udp stopped (PID 15)
[2026-05-18 02:06:07]  Simulation stopped.
[2026-05-18 02:06:07]   Unable to open report file '/var/log/inetsim/report/report.1.txt' for writing: No such file or directory
[2026-05-18 02:06:07]  === INetSim main process stopped (PID 1) ===
[2026-05-18 02:06:07]  .
[2026-05-18 02:06:17]  Using log directory:      /var/log/inetsim/
[2026-05-18 02:06:17]  Using data directory:     /var/lib/inetsim/
[2026-05-18 02:06:17]  Using report directory:   /var/log/inetsim/report/
[2026-05-18 02:06:17]  Using configuration file: /etc/inetsim/inetsim.conf
[2026-05-18 02:06:17]  Parsing configuration file.
[2026-05-18 02:06:17]  Configuration file parsed successfully.
[2026-05-18 02:06:17]  === INetSim main process started (PID 1) ===
[2026-05-18 02:06:17]  Session ID:     1
[2026-05-18 02:06:17]  Listening on:   0.0.0.0
[2026-05-18 02:06:17]  Real Date/Time: 2026-05-18 02:06:17
[2026-05-18 02:06:17]  Fake Date/Time: 2026-05-18 02:06:17 (Delta: 0 seconds)
[2026-05-18 02:06:18]   Forking services...
[2026-05-18 02:06:18]    * dns_53_tcp_udp started (PID 15)
[2026-05-18 02:06:18]    * http_80_tcp started (PID 14)
[2026-05-18 02:06:21]   done.
[2026-05-18 02:06:21]  Simulation running.
[2026-05-18 02:15:25]    * http_80_tcp stopped (PID 14)
[2026-05-18 02:15:26]    * dns_53_tcp_udp stopped (PID 15)
[2026-05-18 02:15:26]  Simulation stopped.
[2026-05-18 02:15:26]   Unable to open report file '/var/log/inetsim/report/report.1.txt' for writing: No such file or directory
[2026-05-18 02:15:26]  === INetSim main process stopped (PID 1) ===
[2026-05-18 02:15:26]  .
[2026-05-18 05:06:57]  Using log directory:      /var/log/inetsim/
[2026-05-18 05:06:57]  Using data directory:     /var/lib/inetsim/
[2026-05-18 05:06:57]  Using report directory:   /var/log/inetsim/report/
[2026-05-18 05:06:57]  Using configuration file: /etc/inetsim/inetsim.conf
[2026-05-18 05:06:57]  Parsing configuration file.
[2026-05-18 05:06:57]  Configuration file parsed successfully.
[2026-05-18 05:06:57]  === INetSim main process started (PID 1) ===
[2026-05-18 05:06:57]  Session ID:     1
[2026-05-18 05:06:57]  Listening on:   0.0.0.0
[2026-05-18 05:06:57]  Real Date/Time: 2026-05-18 05:06:57
[2026-05-18 05:06:57]  Fake Date/Time: 2026-05-18 05:06:57 (Delta: 0 seconds)
[2026-05-18 05:06:57]   Forking services...
[2026-05-18 05:06:57]    * dns_53_tcp_udp started (PID 15)
[2026-05-18 05:06:57]    * http_80_tcp started (PID 14)
[2026-05-18 05:07:00]   done.
[2026-05-18 05:07:00]  Simulation running.
[2026-05-18 05:10:28]    * http_80_tcp stopped (PID 14)
[2026-05-18 05:10:28]    * dns_53_tcp_udp stopped (PID 15)
[2026-05-18 05:10:28]  Simulation stopped.
[2026-05-18 05:10:28]   Unable to open report file '/var/log/inetsim/report/report.1.txt' for writing: No such file or directory
[2026-05-18 05:10:28]  === INetSim main process stopped (PID 1) ===
[2026-05-18 05:10:28]  .
[2026-05-18 07:36:28]  Using log directory:      /var/log/inetsim/
[2026-05-18 07:36:28]  Using data directory:     /var/lib/inetsim/
[2026-05-18 07:36:28]  Using report directory:   /var/log/inetsim/report/
[2026-05-18 07:36:28]  Using configuration file: /etc/inetsim/inetsim.conf
[2026-05-18 07:36:28]  Parsing configuration file.
[2026-05-18 07:36:28]  Configuration file parsed successfully.
[2026-05-18 07:36:28]  === INetSim main process started (PID 1) ===
[2026-05-18 07:36:28]  Session ID:     1
[2026-05-18 07:36:28]  Listening on:   0.0.0.0
[2026-05-18 07:36:28]  Real Date/Time: 2026-05-18 07:36:28
[2026-05-18 07:36:28]  Fake Date/Time: 2026-05-18 07:36:28 (Delta: 0 seconds)
[2026-05-18 07:36:28]   Forking services...
[2026-05-18 07:36:28]    * dns_53_tcp_udp started (PID 16)
[2026-05-18 07:36:28]    * http_80_tcp started (PID 15)
[2026-05-18 07:36:31]   done.
[2026-05-18 07:36:31]  Simulation running.
[2026-05-18 07:41:17]    * http_80_tcp stopped (PID 15)
[2026-05-18 07:41:17]    * dns_53_tcp_udp stopped (PID 16)
[2026-05-18 07:41:17]  Simulation stopped.
[2026-05-18 07:41:17]   Unable to open report file '/var/log/inetsim/report/report.1.txt' for writing: No such file or directory
[2026-05-18 07:41:17]  === INetSim main process stopped (PID 1) ===
[2026-05-18 07:41:17]  .
